2022/10/11 PM 03:18:51 ===============Execution: JMLM===============
2022/10/11 PM 03:18:51 Dataset: mnist
2022/10/11 PM 03:19:16 ======Layer 0======
2022/10/11 PM 03:19:16 num of max point: 1
2022/10/11 PM 03:19:17 MSE: 0.10693299045669277
2022/10/11 PM 03:19:17 num of max point: 2
2022/10/11 PM 03:19:18 MSE: 0.0734191045093472
2022/10/11 PM 03:19:18 num of max point: 3
2022/10/11 PM 03:19:18 MSE: 0.06593299060915024
2022/10/11 PM 03:19:18 num of max point: 4
2022/10/11 PM 03:19:19 MSE: 0.059181815705059294
2022/10/11 PM 03:19:19 num of max point: 5
2022/10/11 PM 03:19:20 MSE: 0.056433482809321964
2022/10/11 PM 03:19:20 num of max point: 6
2022/10/11 PM 03:19:22 MSE: 0.04350041819288793
2022/10/11 PM 03:19:22 num of max point: 7
2022/10/11 PM 03:19:23 MSE: 0.04452987020776278
2022/10/11 PM 03:19:23 num of max point: 8
2022/10/11 PM 03:19:24 MSE: 0.03300496888206509
2022/10/11 PM 03:19:24 num of max point: 9
2022/10/11 PM 03:19:25 MSE: 0.02777614386387383
2022/10/11 PM 03:19:25 num of max point: 10
2022/10/11 PM 03:19:27 MSE: 0.02244333455938817
2022/10/11 PM 03:19:27 num of center: 10
2022/10/11 PM 03:19:27 Individual MSE: [0.02642164 0.04327038 0.02099024 0.01193384 0.02565665 0.00976647
 0.03115703 0.00901827 0.01270871 0.0270359 ]
2022/10/11 PM 03:19:27 ======Layer 1======
2022/10/11 PM 03:19:27 num of max point: 1
2022/10/11 PM 03:19:27 MSE: 0.026421644964934272
2022/10/11 PM 03:19:27 num of max point: 2
2022/10/11 PM 03:19:27 MSE: 0.025045761158085888
2022/10/11 PM 03:19:27 num of max point: 3
2022/10/11 PM 03:19:27 MSE: 0.025100868699842915
2022/10/11 PM 03:19:27 num of max point: 4
2022/10/11 PM 03:19:28 MSE: 0.025143437674448
2022/10/11 PM 03:19:28 num of max point: 5
2022/10/11 PM 03:19:28 MSE: 0.024537001836957888
2022/10/11 PM 03:19:28 num of max point: 6
2022/10/11 PM 03:19:28 MSE: 0.024276073111915854
2022/10/11 PM 03:19:28 num of max point: 7
2022/10/11 PM 03:19:28 MSE: 0.024086686324879078
2022/10/11 PM 03:19:28 num of max point: 8
2022/10/11 PM 03:19:29 MSE: 0.023799936267294937
2022/10/11 PM 03:19:29 num of max point: 9
2022/10/11 PM 03:19:29 MSE: 0.02343930670795853
2022/10/11 PM 03:19:29 num of max point: 10
2022/10/11 PM 03:19:29 MSE: 0.023339520856726876
2022/10/11 PM 03:19:29 num of center: 20
2022/10/11 PM 03:19:29 Individual MSE: [0.01209167 0.0644762  0.01541746 0.00710066 0.02107195 0.02173985
 0.05084627 0.00267585 0.01009723 0.04438878]
2022/10/11 PM 03:19:29 num of max point: 1
2022/10/11 PM 03:19:29 MSE: 0.04327037664160696
2022/10/11 PM 03:19:29 num of max point: 2
2022/10/11 PM 03:19:29 MSE: 0.037934049842315035
2022/10/11 PM 03:19:29 num of max point: 3
2022/10/11 PM 03:19:30 MSE: 0.04120336711537162
2022/10/11 PM 03:19:30 num of max point: 4
2022/10/11 PM 03:19:30 MSE: 0.037798687153731234
2022/10/11 PM 03:19:30 num of max point: 5
2022/10/11 PM 03:19:30 MSE: 0.03747066014512181
2022/10/11 PM 03:19:30 num of max point: 6
2022/10/11 PM 03:19:30 MSE: 0.036835316382872525
2022/10/11 PM 03:19:30 num of max point: 7
2022/10/11 PM 03:19:31 MSE: 0.0388842126090145
2022/10/11 PM 03:19:31 num of max point: 8
2022/10/11 PM 03:19:31 MSE: 0.029671490614841433
2022/10/11 PM 03:19:31 num of max point: 9
2022/10/11 PM 03:19:31 MSE: 0.04001571299369019
2022/10/11 PM 03:19:31 num of max point: 10
2022/10/11 PM 03:19:32 MSE: 0.03420907742960392
2022/10/11 PM 03:19:32 num of center: 28
2022/10/11 PM 03:19:32 Individual MSE: [0.0389881  0.01384166 0.01168805 0.03052864 0.00706648 0.06621656
 0.04397848 0.03477216]
2022/10/11 PM 03:19:32 num of max point: 1
2022/10/11 PM 03:19:32 MSE: 0.020990239348874673
2022/10/11 PM 03:19:32 num of max point: 2
2022/10/11 PM 03:19:32 MSE: 0.02054998029532755
2022/10/11 PM 03:19:32 num of max point: 3
2022/10/11 PM 03:19:32 MSE: 0.02052450944327409
2022/10/11 PM 03:19:32 num of max point: 4
2022/10/11 PM 03:19:33 MSE: 0.020056071071962077
2022/10/11 PM 03:19:33 num of max point: 5
2022/10/11 PM 03:19:33 MSE: 0.02283524321589144
2022/10/11 PM 03:19:33 num of max point: 6
2022/10/11 PM 03:19:33 MSE: 0.021432400745673902
2022/10/11 PM 03:19:33 num of max point: 7
2022/10/11 PM 03:19:33 MSE: 0.019254499241454462
2022/10/11 PM 03:19:33 num of max point: 8
2022/10/11 PM 03:19:34 MSE: 0.019412006871983474
2022/10/11 PM 03:19:34 num of max point: 9
2022/10/11 PM 03:19:34 MSE: 0.019025706385861322
2022/10/11 PM 03:19:34 num of max point: 10
2022/10/11 PM 03:19:35 MSE: 0.019088147058109444
2022/10/11 PM 03:19:35 num of center: 37
2022/10/11 PM 03:19:35 Individual MSE: [0.0037324  0.01688907 0.054716   0.0004515  0.05989274 0.0941067
 0.04806198 0.00668427 0.06391421]
2022/10/11 PM 03:19:35 num of max point: 1
2022/10/11 PM 03:19:35 MSE: 0.01193383575420945
2022/10/11 PM 03:19:35 num of max point: 2
2022/10/11 PM 03:19:35 MSE: 0.01222282527381064
2022/10/11 PM 03:19:35 num of max point: 3
2022/10/11 PM 03:19:35 MSE: 0.011496060051432225
2022/10/11 PM 03:19:35 num of max point: 4
2022/10/11 PM 03:19:35 MSE: 0.011416294089174179
2022/10/11 PM 03:19:35 num of max point: 5
2022/10/11 PM 03:19:35 MSE: 0.01128021025039109
2022/10/11 PM 03:19:35 num of max point: 6
2022/10/11 PM 03:19:36 MSE: 0.011449399531758242
2022/10/11 PM 03:19:36 num of max point: 7
2022/10/11 PM 03:19:36 MSE: 0.011382143536704211
2022/10/11 PM 03:19:36 num of max point: 8
2022/10/11 PM 03:19:36 MSE: 0.011078597399110966
2022/10/11 PM 03:19:36 num of max point: 9
2022/10/11 PM 03:19:36 MSE: 0.011211055024563658
2022/10/11 PM 03:19:36 num of max point: 10
2022/10/11 PM 03:19:37 MSE: 0.011349267559560786
2022/10/11 PM 03:19:37 num of center: 45
2022/10/11 PM 03:19:37 Individual MSE: [0.0061948  0.01711381 0.02109791 0.02211053 0.00322846 0.00637332
 0.0005423  0.00780084]
2022/10/11 PM 03:19:37 num of max point: 1
2022/10/11 PM 03:19:37 MSE: 0.025656649493932017
2022/10/11 PM 03:19:37 num of max point: 2
2022/10/11 PM 03:19:37 MSE: 0.023739496925871368
2022/10/11 PM 03:19:37 num of max point: 3
2022/10/11 PM 03:19:37 MSE: 0.025877515120101113
2022/10/11 PM 03:19:37 num of max point: 4
2022/10/11 PM 03:19:37 MSE: 0.0248301674016211
2022/10/11 PM 03:19:37 num of max point: 5
2022/10/11 PM 03:19:38 MSE: 0.0243803717298391
2022/10/11 PM 03:19:38 num of max point: 6
2022/10/11 PM 03:19:38 MSE: 0.023980367054423295
2022/10/11 PM 03:19:38 num of max point: 7
2022/10/11 PM 03:19:38 MSE: 0.024918437701874987
2022/10/11 PM 03:19:38 num of max point: 8
2022/10/11 PM 03:19:38 MSE: 0.022332587930732357
2022/10/11 PM 03:19:38 num of max point: 9
2022/10/11 PM 03:19:39 MSE: 0.022150572659008643
2022/10/11 PM 03:19:39 num of max point: 10
2022/10/11 PM 03:19:39 MSE: 0.02463712141480439
2022/10/11 PM 03:19:39 num of center: 54
2022/10/11 PM 03:19:39 Individual MSE: [0.00159041 0.04119127 0.03021363 0.07001331 0.03448914 0.00482967
 0.00928037 0.00215332 0.05702015]
2022/10/11 PM 03:19:39 num of max point: 1
2022/10/11 PM 03:19:39 MSE: 0.009766471902320103
2022/10/11 PM 03:19:39 num of max point: 2
2022/10/11 PM 03:19:40 MSE: 0.00947697003526945
2022/10/11 PM 03:19:40 num of max point: 3
2022/10/11 PM 03:19:40 MSE: 0.009618167278039613
2022/10/11 PM 03:19:40 num of max point: 4
2022/10/11 PM 03:19:40 MSE: 0.009187463210301307
2022/10/11 PM 03:19:40 num of max point: 5
2022/10/11 PM 03:19:40 MSE: 0.009079443732886057
2022/10/11 PM 03:19:40 num of max point: 6
2022/10/11 PM 03:19:40 MSE: 0.009125720947519636
2022/10/11 PM 03:19:40 num of max point: 7
2022/10/11 PM 03:19:40 MSE: 0.00915567646304008
2022/10/11 PM 03:19:40 num of max point: 8
2022/10/11 PM 03:19:41 MSE: 0.008651676432248677
2022/10/11 PM 03:19:41 num of max point: 9
2022/10/11 PM 03:19:41 MSE: 0.008355464241185969
2022/10/11 PM 03:19:41 num of max point: 10
2022/10/11 PM 03:19:41 MSE: 0.008036766348702087
2022/10/11 PM 03:19:41 num of center: 64
2022/10/11 PM 03:19:41 Individual MSE: [0.02015913 0.0016974  0.01249683 0.00070953 0.00097984 0.01567367
 0.00060832 0.01026057 0.01256607 0.01171011]
2022/10/11 PM 03:19:41 num of max point: 1
2022/10/11 PM 03:19:42 MSE: 0.031157028006730113
2022/10/11 PM 03:19:42 num of max point: 2
2022/10/11 PM 03:19:42 MSE: 0.031003511278888375
2022/10/11 PM 03:19:42 num of max point: 3
2022/10/11 PM 03:19:42 MSE: 0.028578857918034255
2022/10/11 PM 03:19:42 num of max point: 4
2022/10/11 PM 03:19:42 MSE: 0.03119562908415761
2022/10/11 PM 03:19:42 num of max point: 5
2022/10/11 PM 03:19:42 MSE: 0.03176693611103469
2022/10/11 PM 03:19:42 num of max point: 6
2022/10/11 PM 03:19:42 MSE: 0.02996970098243936
2022/10/11 PM 03:19:42 num of max point: 7
2022/10/11 PM 03:19:43 MSE: 0.029057746628500886
2022/10/11 PM 03:19:43 num of max point: 8
2022/10/11 PM 03:19:43 MSE: 0.02903357489433569
2022/10/11 PM 03:19:43 num of max point: 9
2022/10/11 PM 03:19:43 MSE: 0.028541778702753918
2022/10/11 PM 03:19:43 num of max point: 10
2022/10/11 PM 03:19:44 MSE: 0.030423123442249005
2022/10/11 PM 03:19:44 num of center: 73
2022/10/11 PM 03:19:44 Individual MSE: [0.00278057 0.0448209  0.00343106 0.054254   0.02838787 0.00791201
 0.00521132 0.05126884 0.0559717 ]
2022/10/11 PM 03:19:44 num of max point: 1
2022/10/11 PM 03:19:44 MSE: 0.009018271747098006
2022/10/11 PM 03:19:44 num of max point: 2
2022/10/11 PM 03:19:44 MSE: 0.008831949068245354
2022/10/11 PM 03:19:44 num of max point: 3
2022/10/11 PM 03:19:44 MSE: 0.008665501377714813
2022/10/11 PM 03:19:44 num of max point: 4
2022/10/11 PM 03:19:44 MSE: 0.008470556521867368
2022/10/11 PM 03:19:44 num of max point: 5
2022/10/11 PM 03:19:45 MSE: 0.008154096537994138
2022/10/11 PM 03:19:45 num of max point: 6
2022/10/11 PM 03:19:45 MSE: 0.008239957043870315
2022/10/11 PM 03:19:45 num of max point: 7
2022/10/11 PM 03:19:45 MSE: 0.008189791447222991
2022/10/11 PM 03:19:45 num of max point: 8
2022/10/11 PM 03:19:45 MSE: 0.00809615007020579
2022/10/11 PM 03:19:45 num of max point: 9
2022/10/11 PM 03:19:46 MSE: 0.00776373948613467
2022/10/11 PM 03:19:46 num of max point: 10
2022/10/11 PM 03:19:46 MSE: 0.00784604109374073
2022/10/11 PM 03:19:46 num of center: 82
2022/10/11 PM 03:19:46 Individual MSE: [0.00130726 0.00177549 0.         0.02160135 0.0131497  0.01070546
 0.00199162 0.0271943  0.00407166]
2022/10/11 PM 03:19:46 num of max point: 1
2022/10/11 PM 03:19:47 MSE: 0.012708705288383063
2022/10/11 PM 03:19:47 num of max point: 2
2022/10/11 PM 03:19:47 MSE: 0.01393258499136835
2022/10/11 PM 03:19:47 num of max point: 3
2022/10/11 PM 03:19:47 MSE: 0.01251274459439226
2022/10/11 PM 03:19:47 num of max point: 4
2022/10/11 PM 03:19:47 MSE: 0.012163628926376282
2022/10/11 PM 03:19:47 num of max point: 5
2022/10/11 PM 03:19:47 MSE: 0.011979619947012332
2022/10/11 PM 03:19:47 num of max point: 6
2022/10/11 PM 03:19:47 MSE: 0.011493935356441855
2022/10/11 PM 03:19:47 num of max point: 7
2022/10/11 PM 03:19:48 MSE: 0.011072962982353609
2022/10/11 PM 03:19:48 num of max point: 8
2022/10/11 PM 03:19:48 MSE: 0.010698675346084067
2022/10/11 PM 03:19:48 num of max point: 9
2022/10/11 PM 03:19:48 MSE: 0.010794413578200948
2022/10/11 PM 03:19:48 num of max point: 10
2022/10/11 PM 03:19:48 MSE: 0.010835757870729821
2022/10/11 PM 03:19:48 num of center: 90
2022/10/11 PM 03:19:48 Individual MSE: [0.00944691 0.00320142 0.0132346  0.00141394 0.01765846 0.02605182
 0.00161942 0.04710828]
2022/10/11 PM 03:19:48 num of max point: 1
2022/10/11 PM 03:19:49 MSE: 0.027035901514548388
2022/10/11 PM 03:19:49 num of max point: 2
2022/10/11 PM 03:19:49 MSE: 0.0282543252799184
2022/10/11 PM 03:19:49 num of max point: 3
2022/10/11 PM 03:19:49 MSE: 0.027051983412484753
2022/10/11 PM 03:19:49 num of max point: 4
2022/10/11 PM 03:19:49 MSE: 0.025007256540149174
2022/10/11 PM 03:19:49 num of max point: 5
2022/10/11 PM 03:19:49 MSE: 0.02696467420718469
2022/10/11 PM 03:19:49 num of max point: 6
2022/10/11 PM 03:19:50 MSE: 0.026540958049618757
2022/10/11 PM 03:19:50 num of max point: 7
2022/10/11 PM 03:19:50 MSE: 0.026395757605519526
2022/10/11 PM 03:19:50 num of max point: 8
2022/10/11 PM 03:19:50 MSE: 0.026583120642238577
2022/10/11 PM 03:19:50 num of max point: 9
2022/10/11 PM 03:19:51 MSE: 0.02649155812587247
2022/10/11 PM 03:19:51 num of max point: 10
2022/10/11 PM 03:19:51 MSE: 0.026199520059001957
2022/10/11 PM 03:19:51 num of center: 94
2022/10/11 PM 03:19:51 Individual MSE: [0.02607002 0.0019954  0.04366355 0.04047941]
2022/10/11 PM 03:19:51 ======Layer 2======
2022/10/11 PM 03:19:51 num of max point: 1
2022/10/11 PM 03:19:51 MSE: 0.012091667939275427
2022/10/11 PM 03:19:51 num of max point: 2
2022/10/11 PM 03:21:12 ===============Execution: JMLM===============
2022/10/11 PM 03:21:12 Dataset: mnist
2022/10/11 PM 03:21:28 ======Layer 0======
2022/10/11 PM 03:21:28 num of max point: 1
2022/10/11 PM 03:21:28 MSE: 0.10636075093261081
2022/10/11 PM 03:21:28 num of max point: 2
2022/10/11 PM 03:21:29 MSE: 0.07757956542986241
2022/10/11 PM 03:21:29 num of max point: 3
2022/10/11 PM 03:21:30 MSE: 0.06867579244404509
2022/10/11 PM 03:21:30 num of max point: 4
2022/10/11 PM 03:21:31 MSE: 0.059043147624573813
2022/10/11 PM 03:21:31 num of max point: 5
2022/10/11 PM 03:21:32 MSE: 0.05245691284319605
2022/10/11 PM 03:21:32 num of max point: 6
2022/10/11 PM 03:21:33 MSE: 0.04522295955839336
2022/10/11 PM 03:21:33 num of max point: 7
2022/10/11 PM 03:21:34 MSE: 0.04513509260054018
2022/10/11 PM 03:21:34 num of max point: 8
2022/10/11 PM 03:21:35 MSE: 0.033560154706032276
2022/10/11 PM 03:21:35 num of max point: 9
2022/10/11 PM 03:21:36 MSE: 0.028055954607754886
2022/10/11 PM 03:21:36 num of max point: 10
2022/10/11 PM 03:21:38 MSE: 0.023053050026640855
2022/10/11 PM 03:21:38 num of center: 10
2022/10/11 PM 03:21:38 Individual MSE: [0.02053459 0.03318949 0.02380972 0.01136912 0.02807904 0.0131446
 0.008804   0.01162606 0.0406297  0.03257496]
2022/10/11 PM 03:21:38 ======Layer 1======
2022/10/11 PM 03:21:38 num of max point: 1
2022/10/11 PM 03:21:38 MSE: 0.02053459208672784
2022/10/11 PM 03:21:38 num of max point: 2
2022/10/11 PM 03:21:38 MSE: 0.020708010530083133
2022/10/11 PM 03:21:38 num of max point: 3
2022/10/11 PM 03:21:38 MSE: 0.019636133653927287
2022/10/11 PM 03:21:38 num of max point: 4
2022/10/11 PM 03:21:39 MSE: 0.019172298444273133
2022/10/11 PM 03:21:39 num of max point: 5
2022/10/11 PM 03:21:39 MSE: 0.020985507153243342
2022/10/11 PM 03:21:39 num of max point: 6
2022/10/11 PM 03:21:39 MSE: 0.02061884980237201
2022/10/11 PM 03:21:39 num of max point: 7
2022/10/11 PM 03:21:40 MSE: 0.019759271788237782
2022/10/11 PM 03:21:40 num of max point: 8
2022/10/11 PM 03:21:40 MSE: 0.020108807104724603
2022/10/11 PM 03:21:40 num of max point: 9
2022/10/11 PM 03:21:40 MSE: 0.019103202130477566
2022/10/11 PM 03:21:40 num of max point: 10
2022/10/11 PM 03:21:41 MSE: 0.019052449879569236
2022/10/11 PM 03:21:41 num of center: 20
2022/10/11 PM 03:21:41 Individual MSE: [0.00218978 0.05163128 0.03950288 0.0046627  0.03688751 0.00553949
 0.06328751 0.1114467  0.00028681 0.04714305]
2022/10/11 PM 03:21:41 num of max point: 1
2022/10/11 PM 03:21:41 MSE: 0.03318949440371996
2022/10/11 PM 03:21:41 num of max point: 2
2022/10/11 PM 03:21:41 MSE: 0.03231439177362051
2022/10/11 PM 03:21:41 num of max point: 3
2022/10/11 PM 03:21:41 MSE: 0.031154934693081233
2022/10/11 PM 03:21:41 num of max point: 4
2022/10/11 PM 03:21:42 MSE: 0.039684099929064985
2022/10/11 PM 03:21:42 num of max point: 5
2022/10/11 PM 03:21:42 MSE: 0.039670584275813374
2022/10/11 PM 03:21:42 num of max point: 6
2022/10/11 PM 03:21:42 MSE: 0.03697547493385955
2022/10/11 PM 03:21:42 num of max point: 7
2022/10/11 PM 03:21:42 MSE: 0.03193890943494122
2022/10/11 PM 03:21:42 num of max point: 8
2022/10/11 PM 03:21:43 MSE: 0.029683783832807793
2022/10/11 PM 03:21:43 num of max point: 9
2022/10/11 PM 03:21:43 MSE: 0.028619029594167945
2022/10/11 PM 03:21:43 num of max point: 10
2022/10/11 PM 03:21:44 MSE: 0.030726080029899884
2022/10/11 PM 03:21:44 num of center: 29
2022/10/11 PM 03:21:44 Individual MSE: [0.07465666 0.04114159 0.00300254 0.01225755 0.08272172 0.03740281
 0.00951537 0.07836739 0.00175805]
2022/10/11 PM 03:21:44 num of max point: 1
2022/10/11 PM 03:21:44 MSE: 0.023809717816150038
2022/10/11 PM 03:21:44 num of max point: 2
2022/10/11 PM 03:21:44 MSE: 0.02313225975146108
2022/10/11 PM 03:21:44 num of max point: 3
2022/10/11 PM 03:21:44 MSE: 0.02264912142321884
2022/10/11 PM 03:21:44 num of max point: 4
2022/10/11 PM 03:21:44 MSE: 0.021995057052219116
2022/10/11 PM 03:21:44 num of max point: 5
2022/10/11 PM 03:21:44 MSE: 0.02202811437230083
2022/10/11 PM 03:21:44 num of max point: 6
2022/10/11 PM 03:21:44 MSE: 0.02190998648697765
2022/10/11 PM 03:21:44 num of max point: 7
2022/10/11 PM 03:21:45 MSE: 0.021714585220950613
2022/10/11 PM 03:21:45 num of max point: 8
2022/10/11 PM 03:21:45 MSE: 0.022288015438298777
2022/10/11 PM 03:21:45 num of max point: 9
2022/10/11 PM 03:21:45 MSE: 0.02205330330552494
2022/10/11 PM 03:21:45 num of max point: 10
2022/10/11 PM 03:21:46 MSE: 0.02151045575067962
2022/10/11 PM 03:21:46 num of center: 39
2022/10/11 PM 03:21:46 Individual MSE: [0.04064021 0.00573463 0.01581314 0.01506818 0.01210464 0.00338381
 0.01147915 0.06678486 0.00923405 0.04611769]
2022/10/11 PM 03:21:46 num of max point: 1
2022/10/11 PM 03:21:46 MSE: 0.011369124053459339
2022/10/11 PM 03:21:46 num of max point: 2
2022/10/11 PM 03:21:46 MSE: 0.0105361734681215
2022/10/11 PM 03:21:46 num of max point: 3
2022/10/11 PM 03:21:46 MSE: 0.010451185760331149
2022/10/11 PM 03:21:46 num of max point: 4
2022/10/11 PM 03:21:46 MSE: 0.010311699599804545
2022/10/11 PM 03:21:46 num of max point: 5
2022/10/11 PM 03:21:46 MSE: 0.010224316579134644
2022/10/11 PM 03:21:46 num of max point: 6
2022/10/11 PM 03:21:47 MSE: 0.010434229676302564
2022/10/11 PM 03:21:47 num of max point: 7
2022/10/11 PM 03:21:47 MSE: 0.00903790139782941
2022/10/11 PM 03:21:47 num of max point: 8
2022/10/11 PM 03:21:47 MSE: 0.009815185541909521
2022/10/11 PM 03:21:47 num of max point: 9
2022/10/11 PM 03:21:47 MSE: 0.008942708625264887
2022/10/11 PM 03:21:47 num of max point: 10
2022/10/11 PM 03:21:48 MSE: 0.008851952381546981
2022/10/11 PM 03:21:48 num of center: 49
2022/10/11 PM 03:21:48 Individual MSE: [0.00020097 0.01321113 0.000819   0.01477197 0.01426772 0.01121658
 0.01043093 0.02788738 0.00169062 0.00179713]
2022/10/11 PM 03:21:48 num of max point: 1
2022/10/11 PM 03:21:48 MSE: 0.028079036779998477
2022/10/11 PM 03:21:48 num of max point: 2
2022/10/11 PM 03:21:48 MSE: 0.029151558446030623
2022/10/11 PM 03:21:48 num of max point: 3
2022/10/11 PM 03:21:48 MSE: 0.028060992114496947
2022/10/11 PM 03:21:48 num of max point: 4
2022/10/11 PM 03:21:48 MSE: 0.027794691657081157
2022/10/11 PM 03:21:48 num of max point: 5
2022/10/11 PM 03:21:49 MSE: 0.02844019354677898
2022/10/11 PM 03:21:49 num of max point: 6
2022/10/11 PM 03:21:49 MSE: 0.026633960925913913
2022/10/11 PM 03:21:49 num of max point: 7
2022/10/11 PM 03:21:49 MSE: 0.02686982747034598
2022/10/11 PM 03:21:49 num of max point: 8
2022/10/11 PM 03:21:50 MSE: 0.027448747909739425
2022/10/11 PM 03:21:50 num of max point: 9
2022/10/11 PM 03:21:50 MSE: 0.025946424562654634
2022/10/11 PM 03:21:50 num of max point: 10
2022/10/11 PM 03:21:50 MSE: 0.026206746195898696
2022/10/11 PM 03:21:50 num of center: 58
2022/10/11 PM 03:21:50 Individual MSE: [0.02948608 0.06831715 0.03439333 0.06846362 0.00842665 0.01595248
 0.0029525  0.00026105 0.0178041 ]
2022/10/11 PM 03:21:50 num of max point: 1
2022/10/11 PM 03:21:51 MSE: 0.013144597846737691
2022/10/11 PM 03:21:51 num of max point: 2
2022/10/11 PM 03:21:51 MSE: 0.01211457747291728
2022/10/11 PM 03:21:51 num of max point: 3
2022/10/11 PM 03:21:51 MSE: 0.012860596270089805
2022/10/11 PM 03:21:51 num of max point: 4
2022/10/11 PM 03:21:51 MSE: 0.013086021717913556
2022/10/11 PM 03:21:51 num of max point: 5
2022/10/11 PM 03:21:51 MSE: 0.012607078985905096
2022/10/11 PM 03:21:51 num of max point: 6
2022/10/11 PM 03:21:51 MSE: 0.01161755770020653
2022/10/11 PM 03:21:51 num of max point: 7
2022/10/11 PM 03:21:52 MSE: 0.011516840246401724
2022/10/11 PM 03:21:52 num of max point: 8
2022/10/11 PM 03:21:52 MSE: 0.0111264728166819
2022/10/11 PM 03:21:52 num of max point: 9
2022/10/11 PM 03:21:52 MSE: 0.010867849262228694
2022/10/11 PM 03:21:52 num of max point: 10
2022/10/11 PM 03:21:53 MSE: 0.010752882751081081
2022/10/11 PM 03:21:53 num of center: 68
2022/10/11 PM 03:21:53 Individual MSE: [0.00220039 0.02148202 0.00934185 0.01411152 0.02926373 0.00147129
 0.00047678 0.02182577 0.0520731  0.00257987]
2022/10/11 PM 03:21:53 num of max point: 1
2022/10/11 PM 03:21:53 MSE: 0.008803998001893437
2022/10/11 PM 03:21:53 num of max point: 2
2022/10/11 PM 03:21:53 MSE: 0.008882255038727341
2022/10/11 PM 03:21:53 num of max point: 3
2022/10/11 PM 03:21:53 MSE: 0.008612800972156024
2022/10/11 PM 03:21:53 num of max point: 4
2022/10/11 PM 03:21:53 MSE: 0.008355444986738018
2022/10/11 PM 03:21:53 num of max point: 5
2022/10/11 PM 03:21:53 MSE: 0.008150842660740055
2022/10/11 PM 03:21:53 num of max point: 6
2022/10/11 PM 03:21:54 MSE: 0.008180885314299325
2022/10/11 PM 03:21:54 num of max point: 7
2022/10/11 PM 03:21:54 MSE: 0.00822195137585549
2022/10/11 PM 03:21:54 num of max point: 8
2022/10/11 PM 03:21:54 MSE: 0.008179598696010898
2022/10/11 PM 03:21:54 num of max point: 9
2022/10/11 PM 03:21:55 MSE: 0.007962459779713224
2022/10/11 PM 03:21:55 num of max point: 10
2022/10/11 PM 03:21:55 MSE: 0.007604776324710144
2022/10/11 PM 03:21:55 num of center: 78
2022/10/11 PM 03:21:55 Individual MSE: [0.01304517 0.00136522 0.         0.02843224 0.00461667 0.00098052
 0.00455236 0.01159405 0.01972298 0.00233696]
2022/10/11 PM 03:21:55 num of max point: 1
2022/10/11 PM 03:21:55 MSE: 0.011626061720735995
2022/10/11 PM 03:21:55 num of max point: 2
2022/10/11 PM 03:21:55 MSE: 0.011970803825634268
2022/10/11 PM 03:21:55 num of max point: 3
2022/10/11 PM 03:21:56 MSE: 0.011066552217333724
2022/10/11 PM 03:21:56 num of max point: 4
2022/10/11 PM 03:21:56 MSE: 0.010940640022173025
2022/10/11 PM 03:21:56 num of max point: 5
2022/10/11 PM 03:21:56 MSE: 0.010900083708010372
2022/10/11 PM 03:21:56 num of max point: 6
2022/10/11 PM 03:21:56 MSE: 0.011209597333674432
2022/10/11 PM 03:21:56 num of max point: 7
2022/10/11 PM 03:21:56 MSE: 0.011125521909753983
2022/10/11 PM 03:21:56 num of max point: 8
2022/10/11 PM 03:21:57 MSE: 0.010735231264687096
2022/10/11 PM 03:21:57 num of max point: 9
2022/10/11 PM 03:21:57 MSE: 0.010936226025202892
2022/10/11 PM 03:21:57 num of max point: 10
2022/10/11 PM 03:21:57 MSE: 0.010436149057548607
2022/10/11 PM 03:21:57 num of center: 88
2022/10/11 PM 03:21:57 Individual MSE: [0.01748311 0.02226383 0.01098726 0.         0.02198956 0.0005828
 0.01506629 0.01161976 0.00298537 0.00811257]
2022/10/11 PM 03:21:57 num of max point: 1
2022/10/11 PM 03:21:57 MSE: 0.04062969571739842
2022/10/11 PM 03:21:57 num of max point: 2
2022/10/11 PM 03:21:58 MSE: 0.03361399529290467
2022/10/11 PM 03:21:58 num of max point: 3
2022/10/11 PM 03:21:58 MSE: 0.03683224835297568
2022/10/11 PM 03:21:58 num of max point: 4
2022/10/11 PM 03:21:58 MSE: 0.03463027599453504
2022/10/11 PM 03:21:58 num of max point: 5
2022/10/11 PM 03:21:58 MSE: 0.03313709039000068
2022/10/11 PM 03:21:58 num of max point: 6
2022/10/11 PM 03:21:58 MSE: 0.03140620372543275
2022/10/11 PM 03:21:58 num of max point: 7
2022/10/11 PM 03:21:59 MSE: 0.03066312626050518
2022/10/11 PM 03:21:59 num of max point: 8
2022/10/11 PM 03:21:59 MSE: 0.029372646232648115
2022/10/11 PM 03:21:59 num of max point: 9
2022/10/11 PM 03:22:00 MSE: 0.0291014217190252
2022/10/11 PM 03:22:00 num of max point: 10
2022/10/11 PM 03:22:00 MSE: 0.02655433556809856
2022/10/11 PM 03:22:00 num of center: 98
2022/10/11 PM 03:22:00 Individual MSE: [0.02164    0.04354611 0.01277921 0.00839457 0.04609614 0.0186444
 0.02687765 0.06022591 0.04262646 0.01929976]
2022/10/11 PM 03:22:00 num of max point: 1
2022/10/11 PM 03:22:00 MSE: 0.03257496087897058
2022/10/11 PM 03:22:00 num of max point: 2
2022/10/11 PM 03:22:00 MSE: 0.032879751197865834
2022/10/11 PM 03:22:00 num of max point: 3
2022/10/11 PM 03:22:00 MSE: 0.030209843245533458
2022/10/11 PM 03:22:00 num of max point: 4
2022/10/11 PM 03:22:01 MSE: 0.030771207452033805
2022/10/11 PM 03:22:01 num of max point: 5
2022/10/11 PM 03:22:01 MSE: 0.03326748200092739
2022/10/11 PM 03:22:01 num of max point: 6
2022/10/11 PM 03:22:01 MSE: 0.03300526093674351
2022/10/11 PM 03:22:01 num of max point: 7
2022/10/11 PM 03:22:01 MSE: 0.03219785851833011
2022/10/11 PM 03:22:01 num of max point: 8
2022/10/11 PM 03:22:02 MSE: 0.031326106374301874
2022/10/11 PM 03:22:02 num of max point: 9
2022/10/11 PM 03:22:02 MSE: 0.03404519842360422
2022/10/11 PM 03:22:02 num of max point: 10
2022/10/11 PM 03:22:02 MSE: 0.033463481286624706
2022/10/11 PM 03:22:02 num of center: 101
2022/10/11 PM 03:22:02 Prediction Accuracy: 0.8872
2022/10/11 PM 03:22:02 --- 34.71203541755676 seconds ---
2022/10/11 PM 03:22:02 ===============END===============
